Reusing configuration cache.
> Task :app:preBuild UP-TO-DATE
> Task :app:preDebugBuild UP-TO-DATE
> Task :app:javaPreCompileDebug UP-TO-DATE
> Task :app:generateDebugResources UP-TO-DATE
> Task :app:packageDebugResources UP-TO-DATE
> Task :app:mapDebugSourceSetPaths UP-TO-DATE
> Task :app:mergeDebugResources UP-TO-DATE
> Task :app:checkDebugAarMetadata UP-TO-DATE
> Task :app:createDebugCompatibleScreenManifests UP-TO-DATE
> Task :app:preDebugUnitTestBuild UP-TO-DATE
> Task :app:extractDeepLinksDebug UP-TO-DATE
> Task :app:javaPreCompileDebugUnitTest UP-TO-DATE
> Task :app:processDebugNavigationResources UP-TO-DATE
> Task :app:compileDebugNavigationResources UP-TO-DATE
> Task :app:parseDebugLocalResources UP-TO-DATE
> Task :app:generateDebugRFile UP-TO-DATE
> Task :app:processDebugMainManifest UP-TO-DATE
> Task :app:processDebugManifest UP-TO-DATE
> Task :app:processDebugManifestForPackage UP-TO-DATE
> Task :app:processDebugResources UP-TO-DATE
> Task :app:compileDebugKotlin UP-TO-DATE
> Task :app:compileDebugJavaWithJavac NO-SOURCE
> Task :app:processDebugJavaRes UP-TO-DATE
> Task :app:bundleDebugClassesToCompileJar UP-TO-DATE
> Task :app:bundleDebugClassesToRuntimeJar UP-TO-DATE

> Task :app:compileDebugUnitTestKotlin FAILED
e: file:///app/app/src/test/java/com/example/precord/ui/main/MainScreenViewModelTest.kt:45:1 Syntax error: Expecting member declaration.
e: file:///app/app/src/test/java/com/example/precord/ui/main/MainScreenViewModelTest.kt:45:8 Syntax error: Expecting member declaration.
e: file:///app/app/src/test/java/com/example/precord/ui/main/MainScreenViewModelTest.kt:45:11 Syntax error: Expecting member declaration.
e: file:///app/app/src/test/java/com/example/precord/ui/main/MainScreenViewModelTest.kt:45:12 Syntax error: Expecting member declaration.
e: file:///app/app/src/test/java/com/example/precord/ui/main/MainScreenViewModelTest.kt:45:17 Syntax error: Expecting member declaration.
e: file:///app/app/src/test/java/com/example/precord/ui/main/MainScreenViewModelTest.kt:45:18 Syntax error: Expecting member declaration.
e: file:///app/app/src/test/java/com/example/precord/ui/main/MainScreenViewModelTest.kt:46:1 Syntax error: Expecting member declaration.
e: file:///app/app/src/test/java/com/example/precord/ui/main/MainScreenViewModelTest.kt:46:8 Syntax error: Expecting member declaration.
e: file:///app/app/src/test/java/com/example/precord/ui/main/MainScreenViewModelTest.kt:46:13 Syntax error: Expecting member declaration.
e: file:///app/app/src/test/java/com/example/precord/ui/main/MainScreenViewModelTest.kt:46:14 Syntax error: Expecting member declaration.
e: file:///app/app/src/test/java/com/example/precord/ui/main/MainScreenViewModelTest.kt:46:23 Syntax error: Expecting member declaration.
e: file:///app/app/src/test/java/com/example/precord/ui/main/MainScreenViewModelTest.kt:46:24 Syntax error: Expecting member declaration.
e: file:///app/app/src/test/java/com/example/precord/ui/main/MainScreenViewModelTest.kt:46:32 Syntax error: Expecting member declaration.
e: file:///app/app/src/test/java/com/example/precord/ui/main/MainScreenViewModelTest.kt:46:33 Syntax error: Expecting member declaration.
e: file:///app/app/src/test/java/com/example/precord/ui/main/MainScreenViewModelTest.kt:51:5 Unresolved reference 'assertTrue'.
e: file:///app/app/src/test/java/com/example/precord/ui/main/MainScreenViewModelTest.kt:53:2 Syntax error: Missing '}.

FAILURE: Build failed with an exception.

* What went wrong:
Execution failed for task ':app:compileDebugUnitTestKotlin'.
> A failure occurred while executing org.jetbrains.kotlin.compilerRunner.btapi.BuildToolsApiCompilationWork
   > Compilation error. See log for more details

* Try:
> Run with --stacktrace option to get the stack trace.
> Run with --info or --debug option to get more log output.
> Run with --scan to generate a Build Scan (Powered by Develocity).
> Get more help at https://help.gradle.org.

BUILD FAILED in 2s
22 actionable tasks: 1 executed, 21 up-to-date
Configuration cache entry reused.
